// Jest Snapshot v1, https://goo.gl/fbAQLP

exports[`Pagination Component test suite Pagination Component test case 1`] = `
<div
  className="pagination"
>
  <button
    className="active"
    key="0"
    onClick={[Function]}
  >
    1
  </button>
  <button
    className=""
    key="1"
    onClick={[Function]}
  >
    2
  </button>
  <button
    className=""
    key="2"
    onClick={[Function]}
  >
    3
  </button>
</div>
`;
